// Jest Snapshot v1, https://goo.gl/fbAQLP

exports[`<App /> renders without crashing 1`] = `
<Fragment>
  <CssBaseline />
  <withRouter(WithStyles(undefined)) />
  <Notifier />
  <main
    id="main"
  >
    <Switch>
      <Route
        exact={true}
        path="/"
        render={[Function]}
      />
      <Route
        path="/admin/:id?/:token?"
        render={[Function]}
      />
      <Route
        path="/library"
        render={[Function]}
      />
      <Route
        path="/new"
        render={[Function]}
      />
      <Route
        path="/edit/:id"
        render={[Function]}
      />
      <Route
        path="/logout"
        render={[Function]}
      />
      <Route
        path="*"
        render={[Function]}
      />
    </Switch>
  </main>
  <Footer
    classes={Object {}}
  />
</Fragment>
`;
